✨  Using the docker driver based on user configuration
📌  Using Docker Desktop driver with root privileges
👍  Starting "minikube" primary control-plane node in "minikube" cluster
🚜  Pulling base image v0.0.48 ...
💾  Downloading Kubernetes v1.34.0 preload ...
    > preloaded-images-k8s-v18-v1...:  337.07 MiB / 337.07 MiB  100.00% 13.70 M
    > gcr.io/k8s-minikube/kicbase...:  488.52 MiB / 488.52 MiB  100.00% 13.36 M
🔥  Creating docker container (CPUs=4, Memory=16300MB) ...
❗  Failing to connect to https://registry.k8s.io/ from inside the minikube container
💡  To pull new external images, you may need to configure a proxy: https://minikube.sigs.k8s.io/docs/reference/networking/proxy/
🐳  Preparing Kubernetes v1.34.0 on Docker 28.4.0 ...
    ▪ apiserver.audit-log-path=-
    ▪ apiserver.audit-policy-file=/etc/ssl/certs/audit-policy.yaml
💢  initialization failed, will try again: wait: /bin/bash -c "sudo env PATH="/var/lib/minikube/binaries/v1.34.0:$PATH" kubeadm init --config /var/tmp/minikube/kubeadm.yaml  --ignore-preflight-errors=DirAvailable--etc-kubernetes-manifests,DirAvailable--var-lib-minikube,DirAvailable--var-lib-minikube-etcd,FileAvailable--etc-kubernetes-manifests-kube-scheduler.yaml,FileAvailable--etc-kubernetes-manifests-kube-apiserver.yaml,FileAvailable--etc-kubernetes-manifests-kube-controller-manager.yaml,FileAvailable--etc-kubernetes-manifests-etcd.yaml,Port-10250,Swap,NumCPU,Mem,SystemVerification,FileContent--proc-sys-net-bridge-bridge-nf-call-iptables": Process exited with status 1
stdout:
[init] Using Kubernetes version: v1.34.0
[preflight] Running pre-flight checks
[preflight] Pulling images required for setting up a Kubernetes cluster
[preflight] This might take a minute or two, depending on the speed of your internet connection
[preflight] You can also perform this action beforehand using 'kubeadm config images pull'
[certs] Using certificateDir folder "/var/lib/minikube/certs"
[certs] Using existing ca certificate authority
[certs] Using existing apiserver certificate and key on disk
[certs] Generating "apiserver-kubelet-client" certificate and key
[certs] Generating "front-proxy-ca" certificate and key
[certs] Generating "front-proxy-client" certificate and key
[certs] Generating "etcd/ca" certificate and key
[certs] Generating "etcd/server" certificate and key
[certs] etcd/server serving cert is signed for DNS names [localhost minikube] and IPs [192.168.49.2 127.0.0.1 ::1]
[certs] Generating "etcd/peer" certificate and key
[certs] etcd/peer serving cert is signed for DNS names [localhost minikube] and IPs [192.168.49.2 127.0.0.1 ::1]
[certs] Generating "etcd/healthcheck-client" certificate and key
[certs] Generating "apiserver-etcd-client" certificate and key
[certs] Generating "sa" key and public key
[kubeconfig] Using kubeconfig folder "/etc/kubernetes"
[kubeconfig] Writing "admin.conf" kubeconfig file
[kubeconfig] Writing "super-admin.conf" kubeconfig file
[kubeconfig] Writing "kubelet.conf" kubeconfig file
[kubeconfig] Writing "controller-manager.conf" kubeconfig file
[kubeconfig] Writing "scheduler.conf" kubeconfig file
[etcd] Creating static Pod manifest for local etcd in "/etc/kubernetes/manifests"
[control-plane] Using manifest folder "/etc/kubernetes/manifests"
[control-plane] Creating static Pod manifest for "kube-apiserver"
[control-plane] Creating static Pod manifest for "kube-controller-manager"
[control-plane] Creating static Pod manifest for "kube-scheduler"
[kubelet-start] Writing kubelet environment file with flags to file "/var/lib/kubelet/kubeadm-flags.env"
[kubelet-start] Writing kubelet configuration to file "/var/lib/kubelet/instance-config.yaml"
[patches] Applied patch of type "application/strategic-merge-patch+json" to target "kubeletconfiguration"
[kubelet-start] Writing kubelet configuration to file "/var/lib/kubelet/config.yaml"
[kubelet-start] Starting the kubelet
[wait-control-plane] Waiting for the kubelet to boot up the control plane as static Pods from directory "/etc/kubernetes/manifests"
[kubelet-check] Waiting for a healthy kubelet at http://127.0.0.1:10248/healthz. This can take up to 4m0s
[kubelet-check] The kubelet is healthy after 1.002071542s
[control-plane-check] Waiting for healthy control plane components. This can take up to 4m0s
[control-plane-check] Checking kube-apiserver at https://192.168.49.2:8443/livez
[control-plane-check] Checking kube-controller-manager at https://127.0.0.1:10257/healthz
[control-plane-check] Checking kube-scheduler at https://127.0.0.1:10259/livez
[control-plane-check] kube-controller-manager is healthy after 4.663219893s
[control-plane-check] kube-scheduler is healthy after 7.229777404s
[control-plane-check] kube-apiserver is not healthy after 4m0.000618494s

A control plane component may have crashed or exited when started by the container runtime.
To troubleshoot, list all containers using your preferred container runtimes CLI.
Here is one example how you may list all running Kubernetes containers by using crictl:
        - 'crictl --runtime-endpoint unix:///var/run/cri-dockerd.sock ps -a | grep kube | grep -v pause'
        Once you have found the failing container, you can inspect its logs with:
        - 'crictl --runtime-endpoint unix:///var/run/cri-dockerd.sock logs CONTAINERID'


stderr:
        [WARNING Swap]: swap is supported for cgroup v2 only. The kubelet must be properly configured to use swap. Please refer to https://kubernetes.io/docs/concepts/architecture/nodes/#swap-memory, or disable swap on the node
        [WARNING SystemVerification]: cgroups v1 support is in maintenance mode, please migrate to cgroups v2
        [WARNING Service-Kubelet]: kubelet service is not enabled, please run 'systemctl enable kubelet.service'
error: error execution phase wait-control-plane: failed while waiting for the control plane to start: kube-apiserver check failed at https://192.168.49.2:8443/livez: Get "https://control-plane.minikube.internal:8443/livez?timeout=10s": dial tcp 192.168.49.2:8443: connect: connection refused
To see the stack trace of this error execute with --v=5 or higher